Running my test: .... OK

1 tests completed successfully
