[
  {
    "application":"docker",
    "dimensions":{
      "flavor":"docker",
      "app":"testapp",
      "clustertype":"clustType",
      "role":"tenants",
      "tenantName":"tester",
      "host":"hostname",
      "vespaVersion":"1.2.3",
      "state":"active",
      "clusterid":"clustId",
      "interface":"eth1"
    },
    "metrics":{
      "node.network.bytes_sent":5.4246745E7,
      "node.network.bytes_rcvd":3245766.0
    }
  },
  {
    "application":"docker",
    "dimensions":{
      "flavor":"docker",
      "app":"testapp",
      "clustertype":"clustType",
      "role":"tenants",
      "tenantName":"tester",
      "host":"hostname",
      "vespaVersion":"1.2.3",
      "state":"active",
      "clusterid":"clustId",
      "interface":"eth1"
    },
    "metrics":{
      "node.cpu.system_cpu_usage":5.87688268E15,
      "node.cpu.total_usage":3.32131205198E11,
      "node.memory.usage":1.752707072E9,
      "node.memory.limit":4.294967296E9
    }
  },
  {
    "application":"docker",
    "dimensions":{
      "flavor":"docker",
      "app":"testapp",
      "clustertype":"clustType",
      "role":"tenants",
      "tenantName":"tester",
      "host":"hostname",
      "vespaVersion":"1.2.3",
      "state":"active",
      "clusterid":"clustId",
      "interface":"eth1"
    },
    "metrics":{
      "node.network.bytes_sent":2.0303455E7,
      "node.network.bytes_rcvd":1.949927E7
    }
  }
]